=~=~=~=~=~=~=~=~=~=~=~= PuTTY log 2020.10.05 00:13:43 =~=~=~=~=~=~=~=~=~=~=~=
login as: pdong
Pre-authentication banner message from server:
| Access to Brooklyn College computers is restricted to authorized users
|         and approved educational and research purposes, only.
End of banner message from server
pdong@146.245.252.28's password:
Last login: Mon Oct  5 00:04:50 2020 from cpe-104-162-73-94.nyc.res.rr.com
[pdong@sol28 ~]$ ls
lab6
[pdong@sol28 ~]$ cd lab6
[pdong@sol28 lab6]$ mkdir Repo2
[pdong@sol28 lab6]$ cd Repo2
[pdong@sol28 Repo2]$ nano HelloWorld.java
[pdong@sol28 Repo2]$ ls
HelloWorld2.java
[pdong@sol28 Repo2]$ svn co https://github.com/d28601581/RepoMeta.git
A    RepoMeta.git/branches
A    RepoMeta.git/trunk
A    RepoMeta.git/trunk/HelloWorld.java
A    RepoMeta.git/trunk/README.md
A    RepoMeta.git/trunk/lab6-1.log
Checked out revision 4.
[pdong@sol28 Repo2]$ ls
HelloWorld2.java  RepoMeta.git
[pdong@sol28 Repo2]$ svn add HelloWorld2.java
svn: E155007: '/users1/st/pdong/lab6/Repo2' is not a working copy
[pdong@sol28 Repo2]$ cd trunk
-bash: cd: trunk: No such file or directory
[pdong@sol28 Repo2]$ ls
HelloWorld2.java  RepoMeta.git
[pdong@sol28 Repo2]$ cd RepoMeta.git
[pdong@sol28 RepoMeta.git]$ ls
branches  trunk
[pdong@sol28 RepoMeta.git]$ cd trunk
[pdong@sol28 trunk]$ ls
HelloWorld.java  lab6-1.log  README.md
[pdong@sol28 trunk]$ svn add HelloWorld2.java
svn: warning: W155010: '/users1/st/pdong/lab6/Repo2/RepoMeta.git/trunk/HelloWorld2.java' not found
svn: E200009: Could not add all targets because some targets don't exist
svn: E200009: Illegal target for the requested operation
[pdong@sol28 trunk]$ cd .
[pdong@sol28 trunk]$ cd ..
[pdong@sol28 RepoMeta.git]$ cd ..
[pdong@sol28 Repo2]$ svn add HelloWorld2.java
svn: E155007: '/users1/st/pdong/lab6/Repo2' is not a working copy
[pdong@sol28 Repo2]$ cd RepoMeta.git
[pdong@sol28 RepoMeta.git]$ cd trunk
[pdong@sol28 trunk]$ nano HelloWorld3.java
[pdong@sol28 trunk]$ ls
HelloWorld3.java  HelloWorld.java  lab6-1.log  README.md
[pdong@sol28 trunk]$ javac HeeloWorld3.java
javac: file not found: HeeloWorld3.java
Usage: javac <options> <source files>
use -help for a list of possible options
[pdong@sol28 trunk]$ javac HelloWOrld3.java
javac: file not found: HelloWOrld3.java
Usage: javac <options> <source files>
use -help for a list of possible options
[pdong@sol28 trunk]$ javac HelloWorld3.java
[pdong@sol28 trunk]$ java HelloWorld3
Hello, World
[pdong@sol28 trunk]$ ls
HelloWorld3.class  HelloWorld3.java  HelloWorld.java  lab6-1.log  README.md
[pdong@sol28 trunk]$ svn add .
svn: warning: W150002: '/users1/st/pdong/lab6/Repo2/RepoMeta.git/trunk' is already under version control
svn: E200009: Could not add all targets because some targets are already versioned
svn: E200009: Illegal target for the requested operation
[pdong@sol28 trunk]$ svn add HelloWorld3.java
A         HelloWorld3.java
[pdong@sol28 trunk]$ svn commit -m "adding HelloWorld3.java"
Authentication realm: <https://github.com:443> GitHub
Password for 'pdong':
Authentication realm: <https://github.com:443> GitHub
Username: dongpeng101@gmail.com
Password for 'dongpeng101@gmail.com':

-----------------------------------------------------------------------
ATTENTION!  Your password for authentication realm:

   <https://github.com:443> GitHub

can only be stored to disk unencrypted!  You are advised to configure
your system so that Subversion can store passwords encrypted, if
possible.  See the documentation for details.

You can avoid future appearances of this warning by setting the value
of the 'store-plaintext-passwords' option to either 'yes' or 'no' in
'/users1/st/pdong/.subversion/servers'.
-----------------------------------------------------------------------
Store password unencrypted (yes/no)? yes
Adding         HelloWorld3.java
Transmitting file data .
Committed revision 5.
[pdong@sol28 trunk]$ ls
HelloWorld3.class  HelloWorld3.java  HelloWorld.java  lab6-1.log  README.md
[pdong@sol28 trunk]$ nano HelloWorld3.java
[pdong@sol28 trunk]$ nano Hello.java
[pdong@sol28 trunk]$ svn add Hello.java
A         Hello.java
[pdong@sol28 trunk]$ svn commit -m "adding Hello.java"
Adding         Hello.java
Sending        HelloWorld3.java
Transmitting file data ..
Committed revision 6.
[pdong@sol28 trunk]$ svn up
Updating '.':
At revision 6.
[pdong@sol28 trunk]$ ls
Hello.java         HelloWorld3.java  lab6-1.log
HelloWorld3.class  HelloWorld.java   README.md
[pdong@sol28 trunk]$ exit
logout
